IMU.c:85:9:LSM9DS1_ReadReg	24	static
IMU.c:101:6:LSM9DS1_WriteReg	16	static
IMU.c:116:6:LSM9DS1_Init	24	static
IMU.c:136:9:MPU_begin	24	static
IMU.c:169:6:MPU_CS	16	static
IMU.c:173:9:SPIx_WriteRead	32	static
IMU.c:183:6:MPU_SPI_Write	16	static
IMU.c:194:6:MPU_SPI_Read	24	static
IMU.c:203:6:writeRegister	16	static
IMU.c:209:6:readRegisters	16	static
IMU.c:214:9:whoAmI	8	static
IMU.c:223:6:MPU6500_SetDLPFBandwidth	16	static
IMU.c:232:6:MPU_writeAccFullScaleRange	24	static
IMU.c:271:6:MPU_writeGyroFullScaleRange	24	static
IMU.c:306:9:MPU6500_ReadReg	24	static
IMU.c:317:6:MPU6500_GetData	16	static
IMU.c:336:6:MPU_calibrateGyro	40	static
IMU.c:366:6:MPU_readProcessedData	32	static
IMU.c:427:6:MPU_calcAttitude	80	static
IMU.c:525:6:IMU_Setup	8	static
IMU.c:547:6:IMU_Data	8	static
IMU.c:575:6:HK_IMU	8	static
