IMU.c:92:9:LSM9DS1_ReadReg	24	static
IMU.c:108:6:LSM9DS1_WriteReg	16	static
IMU.c:123:6:LSM9DS1_Init	24	static
IMU.c:143:9:MPU_begin	24	static
IMU.c:177:6:MPU_CS	16	static
IMU.c:181:9:SPIx_WriteRead	32	static
IMU.c:191:6:MPU_SPI_Write	16	static
IMU.c:202:6:MPU_SPI_Read	24	static
IMU.c:212:6:writeRegister	16	static
IMU.c:218:6:readRegisters	16	static
IMU.c:223:9:whoAmI	8	static
IMU.c:232:6:MPU6500_SetDLPFBandwidth	16	static
IMU.c:241:6:MPU_writeAccFullScaleRange	24	static
IMU.c:280:6:MPU_writeGyroFullScaleRange	24	static
IMU.c:315:9:MPU6500_ReadReg	24	static
IMU.c:326:6:MPU6500_GetData	16	static
IMU.c:345:6:MPU_calibrateGyro	40	static
IMU.c:375:6:MPU_readProcessedData	104	static
IMU.c:455:6:MPU_calcAttitude	80	static
IMU.c:553:6:IMU_Setup	8	static
IMU.c:575:6:IMU_Data	8	static
IMU.c:603:6:HK_IMU	8	static
